// Jest Snapshot v1, https://goo.gl/fbAQLP

exports[`test the DockerWatcher tests onContainerDown tests by container with gql label token 1`] = `
Object {
  "b": Array [
    Object {
      "__deploymentName": "delete",
      "__imageID": "mock",
      "namespace": "mock",
      "typePrefix": "_mock",
      "url": "mock",
    },
  ],
}
`;

exports[`test the DockerWatcher tests onContainerUp tests by container with gql label token 1`] = `
Object {
  "a": Array [
    Object {
      "__deploymentName": undefined,
      "__imageID": undefined,
      "namespace": "a",
      "typePrefix": "a_",
      "url": "http://127.0.0.1:mock:9000",
    },
  ],
}
`;
