// Jest Snapshot v1, https://goo.gl/fbAQLP

exports[`testing the properties snapshot default result of propertie adminPassword 1`] = `""`;

exports[`testing the properties snapshot default result of propertie adminUser 1`] = `""`;

exports[`testing the properties snapshot default result of propertie getBodyParserLimit 1`] = `"1mb"`;

exports[`testing the properties snapshot default result of propertie getBuildNumber 1`] = `null`;

exports[`testing the properties snapshot default result of propertie getEnableClustering 1`] = `false`;

exports[`testing the properties snapshot default result of propertie getLogFormat 1`] = `"simple"`;

exports[`testing the properties snapshot default result of propertie getLogLevel 1`] = `"info"`;

exports[`testing the properties snapshot default result of propertie getPollingMs 1`] = `5000`;

exports[`testing the properties snapshot default result of propertie getResetEndpointTime 1`] = `3600000`;

exports[`testing the properties snapshot default result of propertie getVersion 1`] = `null`;

exports[`testing the properties snapshot default result of propertie k8sUser 1`] = `""`;

exports[`testing the properties snapshot default result of propertie k8sUserPassword 1`] = `""`;

exports[`testing the properties snapshot default result of propertie knownOldSchemas 1`] = `false`;

exports[`testing the properties snapshot default result of propertie kubernetesConfigurationKind 1`] = `"fromKubeconfig"`;

exports[`testing the properties snapshot default result of propertie network 1`] = `"web"`;

exports[`testing the properties snapshot default result of propertie printAllConfigs 1`] = `undefined`;

exports[`testing the properties snapshot default result of propertie runtime 1`] = `"dockerWatch"`;

exports[`testing the properties snapshot default result of propertie sendIntrospection 1`] = `true`;

exports[`testing the properties snapshot default result of propertie showPlayground 1`] = `true`;

exports[`testing the properties snapshot default result of propertie token 1`] = `""`;

exports[`testing the properties tests with given envs snapshot adminPassword is filled by env\`s correctly 1`] = `"mock"`;

exports[`testing the properties tests with given envs snapshot adminUser is filled by env\`s correctly 1`] = `"mock"`;

exports[`testing the properties tests with given envs snapshot getBodyParserLimit is filled by env\`s correctly 1`] = `"mock"`;

exports[`testing the properties tests with given envs snapshot getBuildNumber is filled by env\`s correctly 1`] = `"mock"`;

exports[`testing the properties tests with given envs snapshot getEnableClustering is filled by env\`s correctly 1`] = `false`;

exports[`testing the properties tests with given envs snapshot getLogFormat is filled by env\`s correctly 1`] = `"mock"`;

exports[`testing the properties tests with given envs snapshot getLogLevel is filled by env\`s correctly 1`] = `"mock"`;

exports[`testing the properties tests with given envs snapshot getPollingMs is filled by env\`s correctly 1`] = `"mock"`;

exports[`testing the properties tests with given envs snapshot getResetEndpointTime is filled by env\`s correctly 1`] = `"mock"`;

exports[`testing the properties tests with given envs snapshot getVersion is filled by env\`s correctly 1`] = `"mock"`;

exports[`testing the properties tests with given envs snapshot k8sUser is filled by env\`s correctly 1`] = `"mock"`;

exports[`testing the properties tests with given envs snapshot k8sUserPassword is filled by env\`s correctly 1`] = `"mock"`;

exports[`testing the properties tests with given envs snapshot knownOldSchemas is filled by env\`s correctly 1`] = `false`;

exports[`testing the properties tests with given envs snapshot kubernetesConfigurationKind is filled by env\`s correctly 1`] = `"mock"`;

exports[`testing the properties tests with given envs snapshot network is filled by env\`s correctly 1`] = `"mock"`;

exports[`testing the properties tests with given envs snapshot printAllConfigs is filled by env\`s correctly 1`] = `undefined`;

exports[`testing the properties tests with given envs snapshot runtime is filled by env\`s correctly 1`] = `"mock"`;

exports[`testing the properties tests with given envs snapshot sendIntrospection is filled by env\`s correctly 1`] = `true`;

exports[`testing the properties tests with given envs snapshot showPlayground is filled by env\`s correctly 1`] = `false`;

exports[`testing the properties tests with given envs snapshot token is filled by env\`s correctly 1`] = `"mock"`;
