// Jest Snapshot v1, https://goo.gl/fbAQLP

exports[`Tests the docḱerfinder Class tests handleRestart tests there need loadbalance endpoints change  1`] = `
Object {
  "__created": "20180101",
  "__imageID": "one",
  "__loadbalance": Object {
    "count": 2,
    "endpoints": Array [
      Object {
        "__burnd": true,
        "__imageID": "one",
        "created": "20180101",
        "namespace": "one",
        "typePrefix": "one_",
        "url": "http://124.122.123.123:8000/graphql",
      },
      Object {
        "__created": "20180101",
        "__imageID": "one",
        "namespace": "one",
        "typePrefix": "one_",
        "url": "http://123.122.123.123:9000/graphql",
      },
    ],
  },
  "namespace": "one",
  "typePrefix": "one_",
  "url": "http://127.0.0.1:8001",
}
`;

exports[`Tests the docḱerfinder Class tests method getEndpoints gives a list of object and filter the right endpoints 1`] = `Object {}`;
